ARM Linker, RVCT3.1 [Build 919] for uVision [Standard]

================================================================================

Section Cross References

    os_time.o(.text) refers to os_core.o(.text) for OS_Sched
    os_time.o(.text) refers to aeabi_sdiv.o(.text_udiv) for __aeabi_uidivmod
    os_time.o(.text) refers to os_core.o(.data) for OSTCBCur
    os_time.o(.text) refers to os_core.o(.bss) for OSTCBPrioTbl
    os_core.o(.text) refers to os_cpu_c.o(.text) for OSTaskIdleHook
    os_core.o(.text) refers to os_task.o(.text) for OSTaskCreateExt
    os_core.o(.text) refers to os_core.o(.data) for OSIdleCtr
    os_core.o(.text) refers to os_core.o(.bss) for OSTaskIdleStk
    os_core.o(.text) refers to os_core.o(.constdata) for OSUnMapTbl
    os_core.o(.text) refers to os_cpu_c.o(.data) for OsEnterSum
    os_task.o(.text) refers to os_core.o(.text) for OS_Sched
    os_task.o(.text) refers to os_cpu_c.o(.text) for OSTaskStkInit
    os_task.o(.text) refers to rt_memclr_w.o(.text) for __aeabi_memclr4
    os_task.o(.text) refers to rt_memcpy_w.o(.text) for __aeabi_memcpy4
    os_task.o(.text) refers to os_core.o(.bss) for OSTCBPrioTbl
    os_task.o(.text) refers to os_core.o(.constdata) for OSMapTbl
    os_task.o(.text) refers to os_core.o(.data) for OSTCBCur
    vectors.o(RESET) refers to init.o(Init) for Reset
    vectors.o(RESET) refers to os_cpu_a.o(subr) for SoftwareInterrupt
    vectors.o(RESET) refers to target.o(.text) for IRQ_Exception
    vectors.o(RESET) refers to os_core.o(.text) for OSIntExit
    vectors.o(RESET) refers to vectors.o(MyStacks) for IrqStackSpace
    vectors.o(RESET) refers to os_core.o(.data) for OSIntNesting
    init.o(Init) refers to vectors.o(RESET) for InitStack
    init.o(Init) refers to target.o(.text) for TargetResetInit
    init.o(Init) refers to __main.o(!!!main) for __main
    init.o(Init) refers to init.o(Myheap) for bottom_of_heap
    target.o(.text) refers to os_core.o(.text) for OSTimeTick
    target.o(.text) refers to aeabi_sdiv.o(.text_udiv) for __aeabi_uidivmod
    target.o(.text) refers to vectors.o(RESET) for IRQ_Handler
    letter.o(.data) refers to letter.o(.constdata) for ucLetterBlank
    map.o(.data) refers to map.o(.constdata) for ucFirstMap
    minimap.o(.data) refers to minimap.o(.constdata) for ucFirstMiniMap
    number.o(.data) refers to number.o(.constdata) for Num_0
    bitmap.o(.data) refers to bitmap.o(.constdata) for BmpONE
    graphic.o(.text) refers to lcd12864.o(.text) for LCD12864Driver_DisplayByte
    graphic.o(.text) refers to os_time.o(.text) for OSTimeDlyHMSM
    graphic.o(.text) refers to os_task.o(.text) for OSTaskCreate
    graphic.o(.text) refers to aeabi_sdiv.o(.text) for __aeabi_idivmod
    graphic.o(.text) refers to lcd1602.o(.text) for LCD1602Driver_DisplayString
    graphic.o(.text) refers to aeabi_sdiv.o(.text_udiv) for __aeabi_uidivmod
    graphic.o(.text) refers to graphic.o(.bss) for LCD12864_Screen
    graphic.o(.text) refers to data.o(.constdata) for ucContinueBmpSize
    graphic.o(.text) refers to twinklepic.o(.constdata) for ucContinueBmp
    graphic.o(.text) refers to graphic.o(.data) for str_Level
    graphic.o(.text) refers to staticpic.o(.constdata) for ucWelcomeBmp
    graphic.o(.text) refers to minimap.o(.data) for pucaMiniMaps
    graphic.o(.text) refers to map.o(.data) for pucaMaps
    graphic.o(.text) refers to letter.o(.data) for ucLetters
    graphic.o(.text) refers to number.o(.data) for ucNumbers
    graphic.o(.text) refers to os_core.o(.bss) for OSTCBPrioTbl
    main.o(.text) refers to os_task.o(.text) for OSTaskDel
    main.o(.text) refers to target.o(.text) for TargetInit
    main.o(.text) refers to os_core.o(.text) for OSInit
    main.o(.text) refers to environment.o(.text) for Environment_Initial
    main.o(.text) refers to os_time.o(.text) for OSTimeGet
    main.o(.text) refers to rand.o(.text) for srand
    main.o(.text) refers to main.o(.bss) for timeStk
    main.o(.text) refers to key_press.o(.text) for Key_Main
    environment.o(.text) refers to graphic.o(.text) for GUI_Init
    environment.o(.text) refers to key_press.o(.text) for Key_Init
    environment.o(.text) refers to game_control.o(.text) for GameControl_InitialGame
    environment.o(.text) refers to environment.o(.data) for ucMiniMapCur
    environment.o(.text) refers to data.o(.data) for ucGameState
    environment.o(.text) refers to environment.o(.bss) for apTopThree
    environment.o(.text) refers to data.o(.constdata) for ucCongratulationsBmpSize
    environment.o(.text) refers to staticpic.o(.constdata) for ucCongratulationsBmp
    game_control.o(.text) refers to os_time.o(.text) for OSTimeDlyHMSM
    game_control.o(.text) refers to graphic.o(.text) for GUI_DisplayTime
    game_control.o(.text) refers to os_task.o(.text) for OSTaskDel
    game_control.o(.text) refers to environment.o(.text) for Environment_PassScore
    game_control.o(.text) refers to rand.o(.text) for rand
    game_control.o(.text) refers to aeabi_sdiv.o(.text) for __aeabi_idivmod
    game_control.o(.text) refers to game_control.o(.data) for ulTime
    game_control.o(.text) refers to game_control.o(.bss) for DelSTK
    game_control.o(.text) refers to bitmap.o(.data) for BMP
    game_control.o(.text) refers to data.o(.data) for ucGameState
    key_press.o(.text) refers to graphic.o(.text) for GUI_KeyPress
    key_press.o(.text) refers to game_control.o(.text) for GameControl_KeyPress
    key_press.o(.text) refers to environment.o(.text) for Environment_KeyPress
    key_press.o(.text) refers to os_time.o(.text) for OSTimeDlyHMSM
    key_press.o(.text) refers to key_press.o(.data) for .data
    key_press.o(.text) refers to data.o(.data) for ucGameState
    os_cpu_a.o(subr) refers to os_cpu_c.o(.text) for SWI_Exception
    os_cpu_a.o(subr) refers to os_cpu_a.o(SWIStacks) for SvcStackSpace
    os_cpu_a.o(subr) refers to os_cpu_c.o(.data) for OsEnterSum
    os_cpu_a.o(subr) refers to os_core.o(.data) for OSTCBCur
    os_cpu_c.o(.text) refers to os_cpu_c.o(.data) for OsEnterSum
    os_cpu_c.o(.text) refers to os_core.o(.bss) for OSTCBPrioTbl
    rand.o(.text) refers to rand.o(.data) for .data
    rand.o(.text) refers to rand.o(.bss) for .bss
    aeabi_sdiv.o(.text_udiv) refers to aeabi_sdiv.o(.text) for __arm_div4
    aeabi_sdiv_div0.o(.text_udiv) refers to aeabi_sdiv_div0.o(.text) for __arm_div4
    __main.o(!!!main) refers to kernel.o(.text) for __rt_entry
    kernel.o(.text) refers to stkheap1.o(.text) for __rt_stackheap_init
    kernel.o(.text) refers to boardinit2.o(.text) for _platform_post_stackheap_init
    kernel.o(.text) refers to lib_init.o(.text) for __rt_lib_init
    kernel.o(.text) refers to boardinit3.o(.text) for _platform_post_lib_init
    kernel.o(.text) refers to exit.o(.text) for exit
    kernel.o(.text) refers to main.o(.text) for main
    kernel.o(.text) refers to sys_exit.o(.text) for _sys_exit
    kernel.o(.ARM.exidx) refers to kernel.o(.text) for __rt_entry
    aeabi_idiv0_sigfpe.o(.text) refers to init.o(Init) for __rt_div0
    sys_exit.o(.text) refers to use_no_semi.o(.text) for __I_use_semihosting
    exit.o(.text) refers to kernel.o(.text) for __rt_exit
    stkheap1.o(.text) refers to sys_stackheap_outer.o(.text) for __user_setup_stackheap
    stkheap1.o(.text) refers to rt_stackheap_storage_intlibspace.o(.text) for __rt_stackheap_storage
    stkheap2.o(.text) refers to sys_stackheap_outer.o(.text) for __user_setup_stackheap
    stkheap2.o(.text) refers to rt_stackheap_storage_intlibspace.o(.text) for __rt_stackheap_storage
    lib_init.o(.emb_text) refers to no_argv.o(.text) for __ARM_get_argv
    lib_init.o(.text) refers to fpinit.o(x$fpl$fpinit) for _fp_init
    lib_init.o(.text) refers to lib_init.o(.emb_text) for __ARM_argv_veneer
    lib_init.o(.text) refers (Weak) to rand.o(.text) for _rand_init
    lib_init.o(.text) refers to rt_locale_intlibspace.o(.text) for __rt_locale
    sys_stackheap_outer.o(.text) refers to libspace.o(.text) for __user_perproc_libspace
    sys_stackheap_outer.o(.text) refers to init.o(Init) for __user_initial_stackheap
    rt_stackheap_storage.o(.text) refers to rt_stackheap_storage.o(.bss) for __rt_stackheap_storage_data
    rt_stackheap_storage_intlibspace.o(.text) refers to libspace.o(.bss) for __libspace_start
    rt_locale.o(.text) refers to rt_locale.o(.bss) for __rt_locale_data
    rt_locale_intlibspace.o(.text) refers to libspace.o(.bss) for __libspace_start
    _get_argv.o(.text) refers to heapext.o(.text) for __heap_extend
    _get_argv.o(.text) refers to defsig_rtmem_outer.o(.text) for __rt_SIGRTMEM
    _get_argv.o(.text) refers to sys_command.o(.text) for _sys_command_string
    _get_argv.o(.text) refers (Special) to hrguard.o(.text) for __heap_region_guard
    fpinit.o(x$fpl$fpinit) refers to rt_fp_status_addr_intlibspace.o(.text) for __rt_fp_status_addr
    sys_command.o(.text) refers (Special) to use_no_semi.o(.text) for __I_use_semihosting
    libspace.o(.text) refers to libspace.o(.bss) for __libspace_start
    rt_fp_status_addr.o(.text) refers to rt_fp_status_addr.o(.bss) for __rt_fp_status_addr_data
    rt_fp_status_addr_intlibspace.o(.text) refers to libspace.o(.bss) for __libspace_start
    defsig_rtmem_outer.o(.text) refers to defsig_rtmem_inner.o(.text) for __rt_SIGRTMEM_inner
    defsig_rtmem_outer.o(.text) refers to defsig_exit.o(.text) for __sig_exit
    defsig_rtmem_formal.o(.text) refers to rt_raise.o(.text) for __rt_raise
    defsig_rtmem_formal.o(.text) refers (Special) to defsig_rtmem_inner.o(.text) for __rt_SIGRTMEM_inner
    heapext.o(.text) refers to stkheap1.o(.text) for __rt_heap_extend
    rt_raise.o(.text) refers to __raise.o(.text) for __raise
    rt_raise.o(.text) refers to sys_exit.o(.text) for _sys_exit
    defsig_exit.o(.text) refers to sys_exit.o(.text) for _sys_exit
    defsig_rtmem_inner.o(.text) refers to defsig_general.o(.text) for __default_signal_display
    __raise.o(.text) refers to defsig.o(CL$$defsig) for __default_signal_handler
    __raise.o(.text) refers to callvia.o(.text) for __ARM_call_via_r2
    defsig_general.o(.text) refers to sys_wrch.o(.text) for _ttywrch
    sys_wrch.o(.text) refers (Special) to use_no_semi.o(.text) for __I_use_semihosting
    defsig.o(CL$$defsig) refers (Weak) to defsig_rtmem_inner.o(.text) for __rt_SIGRTMEM_inner


================================================================================

Removing Unused input sections from the image.

    Removing target.o(.data), (1 bytes).
    Removing twinklepic.o(.data), (1 bytes).
    Removing staticpic.o(.data), (1 bytes).
    Removing main.o(.data), (1 bytes).
    Removing uartprint.o(.text), (184 bytes).
    Removing uartprint.o(.data), (1 bytes).
    Removing lcd1602.o(.data), (1 bytes).
    Removing lcd12864.o(.data), (1 bytes).

8 unused section(s) (total 191 bytes) removed from the image.

================================================================================

Adding Veneers to the image

    Adding TA veneer (8 bytes, Short) for call to '__rt_exit' from exit.o(.text).
    Adding AT veneer (12 bytes, Long) for call to '__rt_lib_shutdown' from kernel.o(.text).
    Adding AT veneer (12 bytes, Long) for call to 'rand' from game_control.o(.text).
    Adding TA veneer (4 bytes, Inline) for call to '_fp_init' from lib_init.o(.text).
    Adding TA veneer (4 bytes, Inline) for call to '__rt_locale' from lib_init.o(.text).
    Adding AT veneer (8 bytes, Inline) for call to '__rt_lib_init' from kernel.o(.text).
    Adding AT veneer (8 bytes, Inline) for call to 'srand' from main.o(.text).
    Adding TA veneer (4 bytes, Inline) for call to '__ARM_argv_veneer' from lib_init.o(.text).

8 Veneer(s) (total 60 bytes) added to the image.

================================================================================

Image Symbol Table

    Local Symbols

    Symbol Name                              Value     Ov Type        Size  Object(Section)

    RESET                                    0x00000000   Section      332  vectors.o(RESET)
    ../../angel/boardlib.s                   0x00000000   Number         0  boardinit3.o ABSOLUTE
    ../../angel/boardlib.s                   0x00000000   Number         0  cpuinit.o ABSOLUTE
    ../../angel/boardlib.s                   0x00000000   Number         0  boardshut.o ABSOLUTE
    ../../angel/boardlib.s                   0x00000000   Number         0  boardinit1.o ABSOLUTE
    ../../angel/boardlib.s                   0x00000000   Number         0  boardinit2.o ABSOLUTE
    ../../angel/dczerorl.s                   0x00000000   Number         0  __dczerorl.o ABSOLUTE
    ../../angel/handlers.s                   0x00000000   Number         0  __scatter_zi.o ABSOLUTE
    ../../angel/kernel.s                     0x00000000   Number         0  kernel.o ABSOLUTE
    ../../angel/rt.s                         0x00000000   Number         0  rt_fp_status_addr_intlibspace.o ABSOLUTE
    ../../angel/rt.s                         0x00000000   Number         0  rt_fp_status_addr.o ABSOLUTE
    ../../angel/rt.s                         0x00000000   Number         0  rt_stackheap_storage_intlibspace.o ABSOLUTE
    ../../angel/rt.s                         0x00000000   Number         0  rt_raise.o ABSOLUTE
    ../../angel/rt.s                         0x00000000   Number         0  aeabi_idiv0.o ABSOLUTE
    ../../angel/rt.s                         0x00000000   Number         0  aeabi_idiv0_sigfpe.o ABSOLUTE
    ../../angel/rt.s                         0x00000000   Number         0  rt_locale_intlibspace.o ABSOLUTE
    ../../angel/rt.s                         0x00000000   Number         0  rt_locale.o ABSOLUTE
    ../../angel/rt.s                         0x00000000   Number         0  rt_stackheap_storage.o ABSOLUTE
    ../../angel/scatter.s                    0x00000000   Number         0  __scatter.o ABSOLUTE
    ../../angel/startup.s                    0x00000000   Number         0  __main.o ABSOLUTE
    ../../angel/sys.s                        0x00000000   Number         0  libspace.o ABSOLUTE
    ../../angel/sys.s                        0x00000000   Number         0  sys_exit.o ABSOLUTE
    ../../angel/sys.s                        0x00000000   Number         0  use_no_semi.o ABSOLUTE
    ../../angel/sys.s                        0x00000000   Number         0  sys_stackheap_outer.o ABSOLUTE
    ../../angel/sysapp.c                     0x00000000   Number         0  sys_command.o ABSOLUTE
    ../../angel/sysapp.c                     0x00000000   Number         0  sys_wrch.o ABSOLUTE
    ../../armsys.c                           0x00000000   Number         0  no_argv.o ABSOLUTE
    ../../armsys.c                           0x00000000   Number         0  _get_argv.o ABSOLUTE
    ../../armsys.c                           0x00000000   Number         0  lib_init.o ABSOLUTE
    ../../armsys.c                           0x00000000   Number         0  lib_init.o ABSOLUTE
    ../../division.s                         0x00000000   Number         0  aeabi_sdiv.o ABSOLUTE
    ../../division.s                         0x00000000   Number         0  aeabi_sdiv_div0.o ABSOLUTE
    ../../divrt.s                            0x00000000   Number         0  divrt_7tdmi_div0.o ABSOLUTE
    ../../divrt.s                            0x00000000   Number         0  divrt_7tdmi.o ABSOLUTE
    ../../fpinit.s                           0x00000000   Number         0  fpinit.o ABSOLUTE
    ../../heapalloc.c                        0x00000000   Number         0  hrguard.o ABSOLUTE
    ../../memcpset.s                         0x00000000   Number         0  rt_memcpy_w.o ABSOLUTE
    ../../memcpset.s                         0x00000000   Number         0  rt_memclr_w.o ABSOLUTE
    ../../signal.c                           0x00000000   Number         0  defsig_general.o ABSOLUTE
    ../../signal.c                           0x00000000   Number         0  __raise.o ABSOLUTE
    ../../signal.c                           0x00000000   Number         0  defsig_rtmem_inner.o ABSOLUTE
    ../../signal.c                           0x00000000   Number         0  defsig_exit.o ABSOLUTE
    ../../signal.c                           0x00000000   Number         0  defsig_rtmem_formal.o ABSOLUTE
    ../../signal.c                           0x00000000   Number         0  defsig_rtmem_outer.o ABSOLUTE
    ../../signal.s                           0x00000000   Number         0  defsig.o ABSOLUTE
    ../../stdlib.c                           0x00000000   Number         0  rand.o ABSOLUTE
    ../../stdlib.c                           0x00000000   Number         0  exit.o ABSOLUTE
    ../../stkheap.s                          0x00000000   Number         0  heapext.o ABSOLUTE
    ../../stkheap1.s                         0x00000000   Number         0  stkheap1.o ABSOLUTE
    ../../stkheap2.s                         0x00000000   Number         0  stkheap2.o ABSOLUTE
    ../../unhosted.s                         0x00000000   Number         0  callvia.o ABSOLUTE
    Drives\LCD12864.c                        0x00000000   Number         0  lcd12864.o ABSOLUTE
    Drives\LCD1602.c                         0x00000000   Number         0  lcd1602.o ABSOLUTE
    GUI\Graphic.c                            0x00000000   Number         0  graphic.o ABSOLUTE
    Global\Data.c                            0x00000000   Number         0  data.o ABSOLUTE
    Global\Letter.c                          0x00000000   Number         0  letter.o ABSOLUTE
    Global\Map.c                             0x00000000   Number         0  map.o ABSOLUTE
    Global\MiniMap.c                         0x00000000   Number         0  minimap.o ABSOLUTE
    Global\StaticPic.c                       0x00000000   Number         0  staticpic.o ABSOLUTE
    Global\TwinklePic.c                      0x00000000   Number         0  twinklepic.o ABSOLUTE
    Global\bitmap.c                          0x00000000   Number         0  bitmap.o ABSOLUTE
    Global\number.c                          0x00000000   Number         0  number.o ABSOLUTE
    Source\environment.c                     0x00000000   Number         0  environment.o ABSOLUTE
    Source\game_control.c                    0x00000000   Number         0  game_control.o ABSOLUTE
    Source\key_press.c                       0x00000000   Number         0  key_press.o ABSOLUTE
    Source\main.c                            0x00000000   Number         0  main.o ABSOLUTE
    Source\uartprint.c                       0x00000000   Number         0  uartprint.o ABSOLUTE
    StartUp\Init.s                           0x00000000   Number         0  init.o ABSOLUTE
    StartUp\Vectors.s                        0x00000000   Number         0  vectors.o ABSOLUTE
    StartUp\target.c                         0x00000000   Number         0  target.o ABSOLUTE
    UCOS_II\ARM\Os_cpu_a.s                   0x00000000   Number         0  os_cpu_a.o ABSOLUTE
    UCOS_II\ARM\Os_cpu_c.c                   0x00000000   Number         0  os_cpu_c.o ABSOLUTE
    UCOS_II\OS_CORE.C                        0x00000000   Number         0  os_core.o ABSOLUTE
    UCOS_II\OS_TASK.C                        0x00000000   Number         0  os_task.o ABSOLUTE
    UCOS_II\OS_TIME.C                        0x00000000   Number         0  os_time.o ABSOLUTE
    dc.s                                     0x00000000   Number         0  dc.o ABSOLUTE
    Undefined                                0x00000040   ARM Code       0  vectors.o(RESET)
    PrefetchAbort                            0x00000044   ARM Code       0  vectors.o(RESET)
    DataAbort                                0x00000048   ARM Code       0  vectors.o(RESET)
    FIQ_Handler                              0x0000009c   ARM Code       0  vectors.o(RESET)
    !!!main                                  0x0000014c   Section        8  __main.o(!!!main)
    !!!scatter                               0x00000154   Section       60  __scatter.o(!!!scatter)
    !!dczerorl                               0x00000190   Section       68  __dczerorl.o(!!dczerorl)
    !!handler_zi                             0x000001d4   Section       44  __scatter_zi.o(!!handler_zi)
    .emb_text                                0x00000204   Section       16  lib_init.o(.emb_text)
    .text                                    0x00000214   Section      644  os_time.o(.text)
    .text                                    0x00000498   Section     2508  os_core.o(.text)
    OS_InitTaskIdle                          0x000004c8   ARM Code      68  os_core.o(.text)
    OS_InitEventList                         0x0000050c   ARM Code      80  os_core.o(.text)
    OS_InitTCBList                           0x0000055c   ARM Code     116  os_core.o(.text)
    OS_InitRdyList                           0x000005d0   ARM Code      88  os_core.o(.text)
    OS_InitMisc                              0x00000628   ARM Code      64  os_core.o(.text)
    .text                                    0x00000e64   Section     2404  os_task.o(.text)
    .text                                    0x000017c8   Section      536  target.o(.text)
    .text                                    0x000019e0   Section     3072  graphic.o(.text)
    .text                                    0x000025e0   Section      156  main.o(.text)
    .text                                    0x0000267c   Section     1532  environment.o(.text)
    .text                                    0x00002c78   Section     2664  game_control.o(.text)
    .text                                    0x000036e0   Section      644  key_press.o(.text)
    .text                                    0x00003964   Section      596  lcd1602.o(.text)
    .text                                    0x00003bb8   Section      800  lcd12864.o(.text)
    .text                                    0x00003ed8   Section      640  os_cpu_c.o(.text)
    .text                                    0x00004160   Section      120  rand.o(.text)
    .text                                    0x000041d8   Section      100  rt_memcpy_w.o(.text)
    .text                                    0x0000423c   Section       84  rt_memclr_w.o(.text)
    .text                                    0x00004290   Section      384  aeabi_sdiv.o(.text)
    __arm_div8                               0x000042bc   ARM Code       0  aeabi_sdiv.o(.text)
    __arm_div4                               0x000042ec   ARM Code       0  aeabi_sdiv.o(.text)
    __arm_div_large                          0x00004340   ARM Code       0  aeabi_sdiv.o(.text)
    .text                                    0x00004410   Section      104  kernel.o(.text)
    .text                                    0x00004478   Section       24  sys_exit.o(.text)
    .text                                    0x00004490   Section       12  exit.o(.text)
    .text                                    0x0000449c   Section      152  stkheap1.o(.text)
    .text                                    0x0000453c   Section      206  lib_init.o(.text)
    .text                                    0x0000460c   Section       12  boardinit2.o(.text)
    .text                                    0x00004618   Section       16  boardinit3.o(.text)
    .text                                    0x00004628   Section        4  use_no_semi.o(.text)
    .text                                    0x0000462c   Section       96  sys_stackheap_outer.o(.text)
    .text                                    0x0000468c   Section       16  rt_stackheap_storage_intlibspace.o(.text)
    .text                                    0x000046a0   Section       16  rt_locale_intlibspace.o(.text)
    .text                                    0x000046b0   Section        6  no_argv.o(.text)
    .text                                    0x000046b8   Section       12  libspace.o(.text)
    .text                                    0x000046c4   Section       16  rt_fp_status_addr_intlibspace.o(.text)
    .text_udiv                               0x000046d4   Section       28  aeabi_sdiv.o(.text_udiv)
    Init                                     0x000046f0   Section       28  init.o(Init)
    subr                                     0x0000472c   Section      276  os_cpu_a.o(subr)
    x$fpl$fpinit                             0x00004844   Section       24  fpinit.o(x$fpl$fpinit)
    .constdata                               0x0000485c   Section      264  os_core.o(.constdata)
    .constdata                               0x00004964   Section       28  data.o(.constdata)
    .constdata                               0x00004980   Section      717  twinklepic.o(.constdata)
    .constdata                               0x00004c4d   Section      189  letter.o(.constdata)
    .constdata                               0x00004d0a   Section     4496  map.o(.constdata)
    .constdata                               0x00005e9a   Section      320  minimap.o(.constdata)
    .constdata                               0x00005fda   Section     6400  staticpic.o(.constdata)
    .constdata                               0x000078da   Section       70  number.o(.constdata)
    .constdata                               0x00007920   Section      256  bitmap.o(.constdata)
    .data                                    0x40000040   Section       60  os_core.o(.data)
    .data                                    0x4000007c   Section        2  data.o(.data)
    ucKeyValue                               0x4000007c   Data           1  data.o(.data)
    .data                                    0x40000080   Section      109  letter.o(.data)
    ucKeyValue                               0x400000ec   Data           1  letter.o(.data)
    .data                                    0x400000f0   Section       21  map.o(.data)
    ucKeyValue                               0x40000104   Data           1  map.o(.data)
    .data                                    0x40000108   Section       21  minimap.o(.data)
    ucKeyValue                               0x4000011c   Data           1  minimap.o(.data)
    .data                                    0x40000120   Section       41  number.o(.data)
    ucKeyValue                               0x40000148   Data           1  number.o(.data)
    .data                                    0x4000014c   Section       17  bitmap.o(.data)
    ucKeyValue                               0x4000015c   Data           1  bitmap.o(.data)
    .data                                    0x4000015d   Section       21  graphic.o(.data)
    ucKeyValue                               0x40000171   Data           1  graphic.o(.data)
    .data                                    0x40000172   Section       10  environment.o(.data)
    ucKeyValue                               0x40000178   Data           1  environment.o(.data)
    .data                                    0x4000017c   Section       30  game_control.o(.data)
    ucKeyValue                               0x4000017e   Data           1  game_control.o(.data)
    .data                                    0x4000019a   Section        1  key_press.o(.data)
    ucKeyValue                               0x4000019a   Data           1  key_press.o(.data)
    .data                                    0x4000019c   Section        5  os_cpu_c.o(.data)
    ucKeyValue                               0x400001a0   Data           1  os_cpu_c.o(.data)
    .data                                    0x400001a4   Section        8  rand.o(.data)
    _random_j                                0x400001a4   Data           4  rand.o(.data)
    _random_k                                0x400001a8   Data           4  rand.o(.data)
    .bss                                     0x400001ac   Section     4500  os_core.o(.bss)
    .bss                                     0x40001340   Section     1536  graphic.o(.bss)
    .bss                                     0x40001940   Section      512  main.o(.bss)
    .bss                                     0x40001b40   Section       12  environment.o(.bss)
    .bss                                     0x40001b4c   Section      956  game_control.o(.bss)
    .bss                                     0x40001f08   Section      220  rand.o(.bss)
    _random_number_seed                      0x40001f08   Data         220  rand.o(.bss)
    .bss                                     0x40001fe4   Section       96  libspace.o(.bss)
    MyStacks                                 0x40002044   Section      256  vectors.o(MyStacks)
    IrqStackSpace                            0x40002044   Data         256  vectors.o(MyStacks)
    Myheap                                   0x40002144   Section      256  init.o(Myheap)
    AbtStackSpace                            0x40002144   Data           0  vectors.o(MyStacks)
    FiqStackSpace                            0x40002144   Data           0  vectors.o(MyStacks)
    UndtStackSpace                           0x40002144   Data           0  vectors.o(MyStacks)
    bottom_of_heap                           0x40002144   Data         256  init.o(Myheap)
    SWIStacks                                0x40002244   Section      128  os_cpu_a.o(SWIStacks)
    SvcStackSpace                            0x40002244   Data         128  os_cpu_a.o(SWIStacks)

    Global Symbols

    Symbol Name                              Value     Ov Type        Size  Object(Section)

    BuildAttributes$$THM_ISAv1$ARM_ISAv4$M$S$PE$A:L22$X:L11$S22$IEEE1$IW$USESV6$~STKCKD$USESV7$~SHL$OSPACE$EBA8$STANDARDLIB$REQ8$PRES8$EABIv2 0x00000000   Number         0  anon$$obj.o ABSOLUTE
    Vectors                                  0x00000000   ARM Code       0  vectors.o(RESET)
    __ARM_use_no_argv                        0x00000000   Number         0  main.o ABSOLUTE
    __ARM_exceptions_init                     - Undefined Weak Reference
    __Heap_DescSize                           - Undefined Weak Reference
    __alloca_initialize                       - Undefined Weak Reference
    __cpp_initialize__aeabi_                  - Undefined Weak Reference
    __cxa_finalize                            - Undefined Weak Reference
    __rt_SIGABRT_inner                        - Undefined Weak Reference
    __rt_SIGCPPL_inner                        - Undefined Weak Reference
    __rt_SIGFPE_inner                         - Undefined Weak Reference
    __rt_SIGILL_inner                         - Undefined Weak Reference
    __rt_SIGINT_inner                         - Undefined Weak Reference
    __rt_SIGPVFN_inner                        - Undefined Weak Reference
    __rt_SIGRTRED_inner                       - Undefined Weak Reference
    __rt_SIGSEGV_inner                        - Undefined Weak Reference
    __rt_SIGSTAK_inner                        - Undefined Weak Reference
    __rt_SIGTERM_inner                        - Undefined Weak Reference
    __rt_SIGUSR1_inner                        - Undefined Weak Reference
    __rt_SIGUSR2_inner                        - Undefined Weak Reference
    __rt_sigother_inner                       - Undefined Weak Reference
    __sigvec_lookup                           - Undefined Weak Reference
    __user_heap_extend                        - Undefined Weak Reference
    _atexit_init                              - Undefined Weak Reference
    _call_atexit_fns                          - Undefined Weak Reference
    _clock_init                               - Undefined Weak Reference
    _fp_trap_init                             - Undefined Weak Reference
    _get_lc_collate                           - Undefined Weak Reference
    _get_lc_ctype                             - Undefined Weak Reference
    _get_lc_monetary                          - Undefined Weak Reference
    _get_lc_numeric                           - Undefined Weak Reference
    _get_lc_time                              - Undefined Weak Reference
    _getenv_init                              - Undefined Weak Reference
    _handle_redirection                       - Undefined Weak Reference
    _init_alloc                               - Undefined Weak Reference
    _init_user_alloc                          - Undefined Weak Reference
    _initio                                   - Undefined Weak Reference
    _signal_init                              - Undefined Weak Reference
    _terminate_user_alloc                     - Undefined Weak Reference
    _terminateio                              - Undefined Weak Reference
    IRQ_Handler                              0x0000004c   ARM Code       0  vectors.o(RESET)
    Timer0_Handler                           0x000000ac   ARM Code       0  vectors.o(RESET)
    InitStack                                0x000000fc   ARM Code       0  vectors.o(RESET)
    __main                                   0x0000014c   ARM Code       8  __main.o(!!!main)
    __scatterload                            0x00000154   ARM Code       0  __scatter.o(!!!scatter)
    __scatterload_rt2                        0x00000154   ARM Code      52  __scatter.o(!!!scatter)
    __scatterload_null                       0x00000168   ARM Code       0  __scatter.o(!!!scatter)
    __decompress                             0x00000190   ARM Code      68  __dczerorl.o(!!dczerorl)
    __decompress0                            0x00000190   ARM Code       0  __dczerorl.o(!!dczerorl)
    __scatterload_zeroinit                   0x000001d4   ARM Code      44  __scatter_zi.o(!!handler_zi)
    Inline Thumb to ARM Veneer to __ARM_argv_veneer 0x00000201   Thumb Code     0  lib_init.o(.emb_text)
    __ARM_argv_veneer                        0x00000204   ARM Code      16  lib_init.o(.emb_text)
    OSTimeDly                                0x00000214   ARM Code     140  os_time.o(.text)
    OSTimeDlyHMSM                            0x000002a0   ARM Code     232  os_time.o(.text)
    OSTimeDlyResume                          0x00000388   ARM Code     184  os_time.o(.text)
    OSTimeGet                                0x00000440   ARM Code      32  os_time.o(.text)
    OSTimeSet                                0x00000460   ARM Code      32  os_time.o(.text)
    OS_TaskIdle                              0x00000498   ARM Code      48  os_core.o(.text)
    OSInit                                   0x00000668   ARM Code      40  os_core.o(.text)
    OSIntEnter                               0x00000690   ARM Code      56  os_core.o(.text)
    OSIntExit                                0x000006c8   ARM Code     252  os_core.o(.text)
    OSSchedLock                              0x000007c4   ARM Code      72  os_core.o(.text)
    OS_Sched                                 0x0000080c   ARM Code     168  os_core.o(.text)
    OSSchedUnlock                            0x000008b4   ARM Code     124  os_core.o(.text)
    OSStart                                  0x00000930   ARM Code     132  os_core.o(.text)
    OSTimeTick                               0x000009b4   ARM Code     212  os_core.o(.text)
    OSVersion                                0x00000a88   ARM Code       8  os_core.o(.text)
    OS_Dummy                                 0x00000a90   ARM Code       4  os_core.o(.text)
    OS_EventTaskRdy                          0x00000a94   ARM Code     188  os_core.o(.text)
    OS_EventTaskWait                         0x00000b50   ARM Code     188  os_core.o(.text)
    OS_EventTO                               0x00000c0c   ARM Code     116  os_core.o(.text)
    OS_EventWaitListInit                     0x00000c80   ARM Code      48  os_core.o(.text)
    OS_TCBInit                               0x00000cb0   ARM Code     336  os_core.o(.text)
    OSTaskChangePrio                         0x00000e64   ARM Code     460  os_task.o(.text)
    OSTaskCreate                             0x00001030   ARM Code     236  os_task.o(.text)
    OSTaskCreateExt                          0x0000111c   ARM Code     288  os_task.o(.text)
    OSTaskDel                                0x0000123c   ARM Code     492  os_task.o(.text)
    OSTaskDelReq                             0x00001428   ARM Code     140  os_task.o(.text)
    OSTaskResume                             0x000014b4   ARM Code     192  os_task.o(.text)
    OSTaskStkChk                             0x00001574   ARM Code     192  os_task.o(.text)
    OSTaskSuspend                            0x00001634   ARM Code     240  os_task.o(.text)
    OSTaskQuery                              0x00001724   ARM Code     120  os_task.o(.text)
    IRQ_Exception                            0x000017c8   ARM Code       8  target.o(.text)
    FIQ_Exception                            0x000017d0   ARM Code       8  target.o(.text)
    Timer0                                   0x000017d8   ARM Code      56  target.o(.text)
    TargetInit                               0x00001810   ARM Code     100  target.o(.text)
    InitialiseUART1                          0x00001874   ARM Code      96  target.o(.text)
    TargetResetInit                          0x000018d4   ARM Code     232  target.o(.text)
    GUI_Mix                                  0x000019e0   ARM Code     352  graphic.o(.text)
    GUI_TwinklePicTask                       0x00001b40   ARM Code     112  graphic.o(.text)
    GUI_TwinklePic                           0x00001bb0   ARM Code      32  graphic.o(.text)
    GUI_DisplayPicture                       0x00001bd0   ARM Code     152  graphic.o(.text)
    GUI_DisplayLevel                         0x00001c68   ARM Code     128  graphic.o(.text)
    GUI_DisplayScore                         0x00001ce8   ARM Code     128  graphic.o(.text)
    GUI_DisplayTime                          0x00001d68   ARM Code     352  graphic.o(.text)
    GUI_Init                                 0x00001ec8   ARM Code     116  graphic.o(.text)
    GUI_DrawNode                             0x00001f3c   ARM Code     636  graphic.o(.text)
    GUI_DrawSnake                            0x000021b8   ARM Code     216  graphic.o(.text)
    GUI_DisplayMiniMap                       0x00002290   ARM Code      76  graphic.o(.text)
    GUI_DisplayMap                           0x000022dc   ARM Code      48  graphic.o(.text)
    GUI_DisplayHeroName                      0x0000230c   ARM Code     172  graphic.o(.text)
    GUI_DisplayHero                          0x000023b8   ARM Code     324  graphic.o(.text)
    GUI_DisplayPause                         0x000024fc   ARM Code      40  graphic.o(.text)
    GUI_DelTwinkTask                         0x00002524   ARM Code      60  graphic.o(.text)
    GUI_KeyPress                             0x00002560   ARM Code      52  graphic.o(.text)
    startTimer                               0x000025e0   ARM Code      40  main.o(.text)
    init                                     0x00002608   ARM Code      36  main.o(.text)
    main                                     0x0000262c   ARM Code      64  main.o(.text)
    Environment_Initial                      0x0000267c   ARM Code     112  environment.o(.text)
    Environment_UpdateHeroboard              0x000026ec   ARM Code     272  environment.o(.text)
    Environment_InputName                    0x000027fc   ARM Code     408  environment.o(.text)
    Environment_IsTopThree                   0x00002994   ARM Code      72  environment.o(.text)
    Environment_ChangeMap                    0x000029dc   ARM Code     148  environment.o(.text)
    Environment_KeyPress                     0x00002a70   ARM Code     312  environment.o(.text)
    Environment_IsWin                        0x00002ba8   ARM Code      84  environment.o(.text)
    Environment_PassScore                    0x00002bfc   ARM Code      72  environment.o(.text)
    GameControl_DisplayTime                  0x00002c78   ARM Code      68  game_control.o(.text)
    GameControl_GameEndTask                  0x00002cbc   ARM Code      52  game_control.o(.text)
    GameControl_GameEnd                      0x00002cf0   ARM Code      32  game_control.o(.text)
    GameControl_SetBit                       0x00002d10   ARM Code     176  game_control.o(.text)
    GameControl_GetBit                       0x00002dc0   ARM Code      72  game_control.o(.text)
    GameControl_CreateBean                   0x00002e08   ARM Code     232  game_control.o(.text)
    GameControl_Eaten                        0x00002ef0   ARM Code     120  game_control.o(.text)
    GameControl_ChangeDirection              0x00002f68   ARM Code     180  game_control.o(.text)
    GameControl_Move                         0x0000301c   ARM Code     992  game_control.o(.text)
    GameControl_InitialSnake                 0x000033fc   ARM Code     228  game_control.o(.text)
    GameControl_InitialInfo                  0x000034e0   ARM Code     160  game_control.o(.text)
    GameControl_InitialGame                  0x00003580   ARM Code      32  game_control.o(.text)
    GameControl_ResumeSnake                  0x000035a0   ARM Code      72  game_control.o(.text)
    GameControl_SuspendSnake                 0x000035e8   ARM Code      28  game_control.o(.text)
    GameControl_KeyPress                     0x00003604   ARM Code     152  game_control.o(.text)
    Key_Init                                 0x000036e0   ARM Code     104  key_press.o(.text)
    Key_GetKey                               0x00003748   ARM Code     224  key_press.o(.text)
    Key_ProcessKey                           0x00003828   ARM Code      48  key_press.o(.text)
    Key_Main                                 0x00003858   ARM Code     252  key_press.o(.text)
    LCD1602Driver_CheckBusy                  0x00003964   ARM Code     144  lcd1602.o(.text)
    LCD1602Driver_WriteCMD                   0x000039f4   ARM Code      68  lcd1602.o(.text)
    LCD1602Driver_WriteData                  0x00003a38   ARM Code      68  lcd1602.o(.text)
    LCD1602Driver_Init                       0x00003a7c   ARM Code     108  lcd1602.o(.text)
    LCD1602Driver_Set_xy                     0x00003ae8   ARM Code      84  lcd1602.o(.text)
    LCD1602Driver_DisplayChar                0x00003b3c   ARM Code      44  lcd1602.o(.text)
    LCD1602Driver_DisplayString              0x00003b68   ARM Code      64  lcd1602.o(.text)
    LCD12864Driver_WriteCMD                  0x00003bb8   ARM Code      52  lcd12864.o(.text)
    LCD12864Driver_WriteData                 0x00003bec   ARM Code      52  lcd12864.o(.text)
    LCD12864Driver_CleanAll                  0x00003c20   ARM Code     108  lcd12864.o(.text)
    LCD12864Driver_Init                      0x00003c8c   ARM Code     120  lcd12864.o(.text)
    LCD12864Driver_DisplayByte               0x00003d04   ARM Code     136  lcd12864.o(.text)
    LCD12864Driver_DispOneChinese            0x00003d8c   ARM Code     124  lcd12864.o(.text)
    LCD12864Driver_DispChinese               0x00003e08   ARM Code      80  lcd12864.o(.text)
    LCD12864Driver_DisPicture                0x00003e58   ARM Code     116  lcd12864.o(.text)
    OSTaskStkInit                            0x00003ed8   ARM Code     232  os_cpu_c.o(.text)
    SWI_Exception                            0x00003fc0   ARM Code     336  os_cpu_c.o(.text)
    OSStartHighRdy                           0x00004110   ARM Code      16  os_cpu_c.o(.text)
    OSInitHookBegin                          0x00004120   ARM Code       4  os_cpu_c.o(.text)
    OSInitHookEnd                            0x00004124   ARM Code       4  os_cpu_c.o(.text)
    OSTaskCreateHook                         0x00004128   ARM Code       8  os_cpu_c.o(.text)
    OSTaskDelHook                            0x00004130   ARM Code       8  os_cpu_c.o(.text)
    OSTaskSwHook                             0x00004138   ARM Code       4  os_cpu_c.o(.text)
    OSTaskStatHook                           0x0000413c   ARM Code       4  os_cpu_c.o(.text)
    OSTCBInitHook                            0x00004140   ARM Code       8  os_cpu_c.o(.text)
    OSTimeTickHook                           0x00004148   ARM Code       4  os_cpu_c.o(.text)
    OSTaskIdleHook                           0x0000414c   ARM Code       4  os_cpu_c.o(.text)
    Inline ARM to Thumb Veneer to srand      0x00004158   ARM Code       0  rand.o(.text)
    srand                                    0x00004161   Thumb Code    42  rand.o(.text)
    _rand_init                               0x0000418b   Thumb Code     4  rand.o(.text)
    rand                                     0x0000418f   Thumb Code    56  rand.o(.text)
    __aeabi_memcpy4                          0x000041d8   ARM Code       0  rt_memcpy_w.o(.text)
    __aeabi_memcpy8                          0x000041d8   ARM Code       0  rt_memcpy_w.o(.text)
    __rt_memcpy_w                            0x000041d8   ARM Code     100  rt_memcpy_w.o(.text)
    _memcpy_lastbytes_aligned                0x00004224   ARM Code       0  rt_memcpy_w.o(.text)
    __aeabi_memclr4                          0x0000423c   ARM Code       0  rt_memclr_w.o(.text)
    __aeabi_memclr8                          0x0000423c   ARM Code       0  rt_memclr_w.o(.text)
    __rt_memclr_w                            0x0000423c   ARM Code      84  rt_memclr_w.o(.text)
    _memset_w                                0x00004240   ARM Code       0  rt_memclr_w.o(.text)
    __aeabi_idiv                             0x00004290   ARM Code       0  aeabi_sdiv.o(.text)
    __aeabi_idivmod                          0x00004290   ARM Code     384  aeabi_sdiv.o(.text)
    __rt_entry                               0x00004410   ARM Code      76  kernel.o(.text)
    __rt_exit                                0x0000445c   ARM Code      20  kernel.o(.text)
    __rt_abort                               0x00004470   ARM Code       8  kernel.o(.text)
    _sys_exit                                0x00004478   ARM Code      20  sys_exit.o(.text)
    exit                                     0x00004491   Thumb Code    12  exit.o(.text)
    __rt_stackheap_init                      0x0000449c   ARM Code      40  stkheap1.o(.text)
    __rt_heap_extend                         0x000044c4   ARM Code     112  stkheap1.o(.text)
    Inline ARM to Thumb Veneer to __rt_lib_init 0x00004534   ARM Code       0  lib_init.o(.text)
    __rt_lib_init                            0x0000453d   Thumb Code   184  lib_init.o(.text)
    __rt_lib_shutdown                        0x000045f5   Thumb Code    22  lib_init.o(.text)
    _platform_post_stackheap_init            0x0000460c   ARM Code      12  boardinit2.o(.text)
    _platform_post_lib_init                  0x00004618   ARM Code      16  boardinit3.o(.text)
    __I_use_semihosting                      0x00004628   ARM Code       0  use_no_semi.o(.text)
    __use_no_semihosting_swi                 0x00004628   ARM Code       4  use_no_semi.o(.text)
    __user_setup_stackheap                   0x0000462c   ARM Code      96  sys_stackheap_outer.o(.text)
    __rt_stackheap_storage                   0x0000468c   ARM Code      12  rt_stackheap_storage_intlibspace.o(.text)
    Inline Thumb to ARM Veneer to __rt_locale 0x0000469d   Thumb Code     0  rt_locale_intlibspace.o(.text)
    __rt_locale                              0x000046a0   ARM Code      12  rt_locale_intlibspace.o(.text)
    __ARM_get_argv                           0x000046b1   Thumb Code     6  no_argv.o(.text)
    __user_libspace                          0x000046b8   ARM Code       8  libspace.o(.text)
    __user_perproc_libspace                  0x000046b8   ARM Code       0  libspace.o(.text)
    __user_perthread_libspace                0x000046b8   ARM Code       0  libspace.o(.text)
    __rt_fp_status_addr                      0x000046c4   ARM Code      12  rt_fp_status_addr_intlibspace.o(.text)
    __aeabi_uidiv                            0x000046d4   ARM Code       0  aeabi_sdiv.o(.text_udiv)
    __aeabi_uidivmod                         0x000046d4   ARM Code      28  aeabi_sdiv.o(.text_udiv)
    Reset                                    0x000046f0   ARM Code       0  init.o(Init)
    __user_initial_stackheap                 0x000046fc   ARM Code       0  init.o(Init)
    __rt_div0                                0x00004704   ARM Code       0  init.o(Init)
    Long ARM to Thumb Veneer to rand         0x0000470c   ARM Code       0  anon$$obj.o(Veneer$$Code)
    Long ARM to Thumb Veneer to __rt_lib_shutdown 0x00004718   ARM Code       0  anon$$obj.o(Veneer$$Code)
    Short Thumb to ARM Veneer to __rt_exit   0x00004725   Thumb Code     0  anon$$obj.o(Veneer$$Code)
    SoftwareInterrupt                        0x0000472c   ARM Code       0  os_cpu_a.o(subr)
    OSIntCtxSw                               0x00004768   ARM Code       0  os_cpu_a.o(subr)
    __OSStartHighRdy                         0x00004800   ARM Code       0  os_cpu_a.o(subr)
    Inline Thumb to ARM Veneer to _fp_init   0x00004841   Thumb Code     0  fpinit.o(x$fpl$fpinit)
    _fp_init                                 0x00004844   ARM Code      24  fpinit.o(x$fpl$fpinit)
    __fplib_config_pureend_doubles           0x00004854   ARM Code       0  fpinit.o(x$fpl$fpinit)
    OSMapTbl                                 0x0000485c   Data           8  os_core.o(.constdata)
    OSUnMapTbl                               0x00004864   Data         256  os_core.o(.constdata)
    MiniMapSize                              0x00004964   Data           2  data.o(.constdata)
    MapSize                                  0x00004966   Data           2  data.o(.constdata)
    LetterSize                               0x00004968   Data           2  data.o(.constdata)
    ucPauseBmpSize                           0x0000496a   Data           2  data.o(.constdata)
    ucWelcomeBmpSize                         0x0000496c   Data           2  data.o(.constdata)
    ucGameOverBmpSize                        0x0000496e   Data           2  data.o(.constdata)
    ucYouWinBmpSize                          0x00004970   Data           2  data.o(.constdata)
    ucCongratulationsBmpSize                 0x00004972   Data           2  data.o(.constdata)
    ucChooseMapBmpSize                       0x00004974   Data           2  data.o(.constdata)
    ucHeroBoardSize                          0x00004976   Data           2  data.o(.constdata)
    ucCursorBmpSize                          0x00004978   Data           2  data.o(.constdata)
    ucContinueBmpSize                        0x0000497a   Data           2  data.o(.constdata)
    ucTopThreeBmpSize                        0x0000497c   Data           2  data.o(.constdata)
    ucTwinkleBlankBmpSize                    0x0000497e   Data           2  data.o(.constdata)
    ucCursorBmp                              0x00004980   Data           7  twinklepic.o(.constdata)
    ucContinueBmp                            0x00004987   Data         240  twinklepic.o(.constdata)
    ucTopThreeBmp                            0x00004a77   Data         230  twinklepic.o(.constdata)
    ucTwinkleBlankBmp                        0x00004b5d   Data         240  twinklepic.o(.constdata)
    ucLetterBlank                            0x00004c4d   Data           7  letter.o(.constdata)
    ucLetterA                                0x00004c54   Data           7  letter.o(.constdata)
    ucLetterB                                0x00004c5b   Data           7  letter.o(.constdata)
    ucLetterC                                0x00004c62   Data           7  letter.o(.constdata)
    ucLetterD                                0x00004c69   Data           7  letter.o(.constdata)
    ucLetterE                                0x00004c70   Data           7  letter.o(.constdata)
    ucLetterF                                0x00004c77   Data           7  letter.o(.constdata)
    ucLetterG                                0x00004c7e   Data           7  letter.o(.constdata)
    ucLetterH                                0x00004c85   Data           7  letter.o(.constdata)
    ucLetterI                                0x00004c8c   Data           7  letter.o(.constdata)
    ucLetterJ                                0x00004c93   Data           7  letter.o(.constdata)
    ucLetterK                                0x00004c9a   Data           7  letter.o(.constdata)
    ucLetterL                                0x00004ca1   Data           7  letter.o(.constdata)
    ucLetterM                                0x00004ca8   Data           7  letter.o(.constdata)
    ucLetterN                                0x00004caf   Data           7  letter.o(.constdata)
    ucLetterO                                0x00004cb6   Data           7  letter.o(.constdata)
    ucLetterP                                0x00004cbd   Data           7  letter.o(.constdata)
    ucLetterQ                                0x00004cc4   Data           7  letter.o(.constdata)
    ucLetterR                                0x00004ccb   Data           7  letter.o(.constdata)
    ucLetterS                                0x00004cd2   Data           7  letter.o(.constdata)
    ucLetterT                                0x00004cd9   Data           7  letter.o(.constdata)
    ucLetterU                                0x00004ce0   Data           7  letter.o(.constdata)
    ucLetterV                                0x00004ce7   Data           7  letter.o(.constdata)
    ucLetterW                                0x00004cee   Data           7  letter.o(.constdata)
    ucLetterX                                0x00004cf5   Data           7  letter.o(.constdata)
    ucLetterY                                0x00004cfc   Data           7  letter.o(.constdata)
    ucLetterZ                                0x00004d03   Data           7  letter.o(.constdata)
    ucFirstMap                               0x00004d0a   Data        1024  map.o(.constdata)
    ucSecondMap                              0x0000510a   Data        1024  map.o(.constdata)
    ucThirdMap                               0x0000550a   Data        1024  map.o(.constdata)
    ucForthMap                               0x0000590a   Data        1024  map.o(.constdata)
    ucFifthMap                               0x00005d0a   Data         400  map.o(.constdata)
    ucFirstMiniMap                           0x00005e9a   Data          64  minimap.o(.constdata)
    ucSecondMiniMap                          0x00005eda   Data          64  minimap.o(.constdata)
    ucThirdMiniMap                           0x00005f1a   Data          64  minimap.o(.constdata)
    ucForthMiniMap                           0x00005f5a   Data          64  minimap.o(.constdata)
    ucFifthMiniMap                           0x00005f9a   Data          64  minimap.o(.constdata)
    ucPauseBmp                               0x00005fda   Data         256  staticpic.o(.constdata)
    ucWelcomeBmp                             0x000060da   Data        1024  staticpic.o(.constdata)
    ucGameOverBmp                            0x000064da   Data        1024  staticpic.o(.constdata)
    ucYouWinBmp                              0x000068da   Data        1024  staticpic.o(.constdata)
    ucCongratulationsBmp                     0x00006cda   Data        1024  staticpic.o(.constdata)
    ucChooseMapBmp                           0x000070da   Data        1024  staticpic.o(.constdata)
    ucHeroBoardBmp                           0x000074da   Data        1024  staticpic.o(.constdata)
    Num_0                                    0x000078da   Data           7  number.o(.constdata)
    Num_1                                    0x000078e1   Data           7  number.o(.constdata)
    Num_2                                    0x000078e8   Data           7  number.o(.constdata)
    Num_3                                    0x000078ef   Data           7  number.o(.constdata)
    Num_4                                    0x000078f6   Data           7  number.o(.constdata)
    Num_5                                    0x000078fd   Data           7  number.o(.constdata)
    Num_6                                    0x00007904   Data           7  number.o(.constdata)
    Num_7                                    0x0000790b   Data           7  number.o(.constdata)
    Num_8                                    0x00007912   Data           7  number.o(.constdata)
    Num_9                                    0x00007919   Data           7  number.o(.constdata)
    BmpONE                                   0x00007920   Data          64  bitmap.o(.constdata)
    BmpTOW                                   0x00007960   Data          64  bitmap.o(.constdata)
    BmpTHREE                                 0x000079a0   Data          64  bitmap.o(.constdata)
    BmpFOUR                                  0x000079e0   Data          64  bitmap.o(.constdata)
    Region$$Table$$Base                      0x00007a20   Number         0  anon$$obj.o(Region$$Table)
    Region$$Table$$Limit                     0x00007a40   Number         0  anon$$obj.o(Region$$Table)
    OSCtxSwCtr                               0x40000040   Data           4  os_core.o(.data)
    OSEventFreeList                          0x40000044   Data           4  os_core.o(.data)
    OSFlagFreeList                           0x40000048   Data           4  os_core.o(.data)
    OSIntNesting                             0x4000004c   Data           1  os_core.o(.data)
    OSIntExitY                               0x4000004d   Data           1  os_core.o(.data)
    OSLockNesting                            0x4000004e   Data           1  os_core.o(.data)
    OSPrioCur                                0x4000004f   Data           1  os_core.o(.data)
    OSPrioHighRdy                            0x40000050   Data           1  os_core.o(.data)
    OSRdyGrp                                 0x40000051   Data           1  os_core.o(.data)
    OSRdyTbl                                 0x40000052   Data           8  os_core.o(.data)
    OSRunning                                0x4000005a   Data           1  os_core.o(.data)
    OSTaskCtr                                0x4000005b   Data           1  os_core.o(.data)
    OSIdleCtr                                0x4000005c   Data           4  os_core.o(.data)
    OSTCBCur                                 0x40000060   Data           4  os_core.o(.data)
    OSTCBFreeList                            0x40000064   Data           4  os_core.o(.data)
    OSTCBHighRdy                             0x40000068   Data           4  os_core.o(.data)
    OSTCBList                                0x4000006c   Data           4  os_core.o(.data)
    OSMemFreeList                            0x40000070   Data           4  os_core.o(.data)
    OSQFreeList                              0x40000074   Data           4  os_core.o(.data)
    OSTime                                   0x40000078   Data           4  os_core.o(.data)
    ucGameState                              0x4000007d   Data           1  data.o(.data)
    ucLetters                                0x40000080   Data         108  letter.o(.data)
    pucaMaps                                 0x400000f0   Data          20  map.o(.data)
    pucaMiniMaps                             0x40000108   Data          20  minimap.o(.data)
    ucNumbers                                0x40000120   Data          40  number.o(.data)
    BMP                                      0x4000014c   Data          16  bitmap.o(.data)
    str_Minute                               0x4000015d   Data           3  graphic.o(.data)
    str_Second                               0x40000160   Data           3  graphic.o(.data)
    str_Level                                0x40000163   Data           3  graphic.o(.data)
    str_Score                                0x40000166   Data           3  graphic.o(.data)
    Snake_Up                                 0x40000169   Data           4  graphic.o(.data)
    Snake_Down                               0x4000016d   Data           4  graphic.o(.data)
    aucNameCur                               0x40000172   Data           3  environment.o(.data)
    ucLetterID                               0x40000175   Data           3  environment.o(.data)
    ucMiniMapCur                             0x40000179   Data           1  environment.o(.data)
    ucCursorCur                              0x4000017a   Data           1  environment.o(.data)
    ucScore                                  0x4000017b   Data           1  environment.o(.data)
    Bean_t                                   0x4000017c   Data           2  game_control.o(.data)
    ulTime                                   0x40000180   Data           4  game_control.o(.data)
    ucBeansNumber                            0x40000184   Data           1  game_control.o(.data)
    ulDelay                                  0x40000188   Data           4  game_control.o(.data)
    ucKeyDir                                 0x4000018c   Data           1  game_control.o(.data)
    pSnake                                   0x40000190   Data           4  game_control.o(.data)
    pBean_t                                  0x40000194   Data           4  game_control.o(.data)
    ucMapNumber                              0x40000198   Data           1  game_control.o(.data)
    ucNewHead                                0x40000199   Data           1  game_control.o(.data)
    OsEnterSum                               0x4000019c   Data           4  os_cpu_c.o(.data)
    OSEventTbl                               0x400001ac   Data         160  os_core.o(.bss)
    OSFlagTbl                                0x4000024c   Data          60  os_core.o(.bss)
    OSTaskIdleStk                            0x40000288   Data         256  os_core.o(.bss)
    OSTCBPrioTbl                             0x40000388   Data         256  os_core.o(.bss)
    OSTCBTbl                                 0x40000488   Data        3328  os_core.o(.bss)
    OSMemTbl                                 0x40001188   Data         200  os_core.o(.bss)
    OSQTbl                                   0x40001250   Data         240  os_core.o(.bss)
    LCD12864_Screen                          0x40001340   Data        1024  graphic.o(.bss)
    TwinkleTaskStk                           0x40001740   Data         256  graphic.o(.bss)
    DelTwinkleStk                            0x40001840   Data         256  graphic.o(.bss)
    keyMainStk                               0x40001940   Data         256  main.o(.bss)
    timeStk                                  0x40001a40   Data         256  main.o(.bss)
    apTopThree                               0x40001b40   Data          12  environment.o(.bss)
    snake                                    0x40001b4c   Data         123  game_control.o(.bss)
    BitMap_Game                              0x40001bc7   Data          64  game_control.o(.bss)
    MoveSTK                                  0x40001c08   Data         256  game_control.o(.bss)
    DelSTK                                   0x40001d08   Data         256  game_control.o(.bss)
    TimeSTK                                  0x40001e08   Data         256  game_control.o(.bss)
    __libspace_start                         0x40001fe4   Data          96  libspace.o(.bss)
    __temporary_stack_top_libspace           0x40002044   Data           0  libspace.o(.bss)


================================================================================

Memory Map of the image

  Image Entry point : 0x0000014c

  Load Region LR_IROM1 (Base: 0x00000000, Size: 0x00007bac, Max: 0x00040000, ABSOLUTE, COMPRESSED[0x00007af4])

    Execution Region ER_IROM1 (Base: 0x00000000, Size: 0x00007a40, Max: 0x00040000, ABSOLUTE)

    Base Addr    Size         Type   Attr      Idx    E Section Name        Object

    0x00000000   0x0000014c   Code   RO           66    RESET               vectors.o
    0x0000014c   0x00000008   Code   RO          493  * !!!main             __main.o(c_t.l)
    0x00000154   0x0000003c   Code   RO          580    !!!scatter          __scatter.o(c_t.l)
    0x00000190   0x00000044   Code   RO          578    !!dczerorl          __dczerorl.o(c_t.l)
    0x000001d4   0x0000002c   Code   RO          582    !!handler_zi        __scatter_zi.o(c_t.l)
    0x00000200   0x00000004   Ven    RO          510    .emb_text           lib_init.o(c_t.l)
    0x00000204   0x00000010   Code   RO          510    .emb_text           lib_init.o(c_t.l)
    0x00000214   0x00000284   Code   RO            1    .text               os_time.o
    0x00000498   0x000009cc   Code   RO           34    .text               os_core.o
    0x00000e64   0x00000964   Code   RO           53    .text               os_task.o
    0x000017c8   0x00000218   Code   RO           75    .text               target.o
    0x000019e0   0x00000c00   Code   RO          288    .text               graphic.o
    0x000025e0   0x0000009c   Code   RO          303    .text               main.o
    0x0000267c   0x000005fc   Code   RO          332    .text               environment.o
    0x00002c78   0x00000a68   Code   RO          347    .text               game_control.o
    0x000036e0   0x00000284   Code   RO          362    .text               key_press.o
    0x00003964   0x00000254   Code   RO          376    .text               lcd1602.o
    0x00003bb8   0x00000320   Code   RO          390    .text               lcd12864.o
    0x00003ed8   0x00000280   Code   RO          408    .text               os_cpu_c.o
    0x00004158   0x00000008   Ven    RO          469    .text               rand.o(c_t.l)
    0x00004160   0x00000078   Code   RO          469    .text               rand.o(c_t.l)
    0x000041d8   0x00000064   Code   RO          473    .text               rt_memcpy_w.o(c_t.l)
    0x0000423c   0x00000054   Code   RO          475    .text               rt_memclr_w.o(c_t.l)
    0x00004290   0x00000180   Code   RO          477    .text               aeabi_sdiv.o(c_t.l)
    0x00004410   0x00000068   Code   RO          495    .text               kernel.o(c_t.l)
    0x00004478   0x00000018   Code   RO          502    .text               sys_exit.o(c_t.l)
    0x00004490   0x0000000c   Code   RO          504    .text               exit.o(c_t.l)
    0x0000449c   0x00000098   Code   RO          506    .text               stkheap1.o(c_t.l)
    0x00004534   0x00000008   Ven    RO          511    .text               lib_init.o(c_t.l)
    0x0000453c   0x000000ce   Code   RO          511    .text               lib_init.o(c_t.l)
    0x0000460a   0x00000002   PAD
    0x0000460c   0x0000000c   Code   RO          516    .text               boardinit2.o(c_t.l)
    0x00004618   0x00000010   Code   RO          518    .text               boardinit3.o(c_t.l)
    0x00004628   0x00000004   Code   RO          522    .text               use_no_semi.o(c_t.l)
    0x0000462c   0x00000060   Code   RO          524    .text               sys_stackheap_outer.o(c_t.l)
    0x0000468c   0x00000010   Code   RO          529    .text               rt_stackheap_storage_intlibspace.o(c_t.l)
    0x0000469c   0x00000004   Ven    RO          534    .text               rt_locale_intlibspace.o(c_t.l)
    0x000046a0   0x00000010   Code   RO          534    .text               rt_locale_intlibspace.o(c_t.l)
    0x000046b0   0x00000006   Code   RO          540    .text               no_argv.o(c_t.l)
    0x000046b6   0x00000002   PAD
    0x000046b8   0x0000000c   Code   RO          546    .text               libspace.o(c_t.l)
    0x000046c4   0x00000010   Code   RO          552    .text               rt_fp_status_addr_intlibspace.o(c_t.l)
    0x000046d4   0x0000001c   Code   RO          478    .text_udiv          aeabi_sdiv.o(c_t.l)
    0x000046f0   0x0000001c   Code   RO           71    Init                init.o
    0x0000470c   0x0000000c   Ven    RO          589    Veneer$$Code        anon$$obj.o
    0x00004718   0x0000000c   Ven    RO          590    Veneer$$Code        anon$$obj.o
    0x00004724   0x00000008   Ven    RO          591    Veneer$$Code        anon$$obj.o
    0x0000472c   0x00000114   Code   RO          404    subr                os_cpu_a.o
    0x00004840   0x00000004   Ven    RO          542    x$fpl$fpinit        fpinit.o(fz_ts.l)
    0x00004844   0x00000018   Code   RO          542    x$fpl$fpinit        fpinit.o(fz_ts.l)
    0x0000485c   0x00000108   Data   RO           36    .constdata          os_core.o
    0x00004964   0x0000001c   Data   RO          177    .constdata          data.o
    0x00004980   0x000002cd   Data   RO          191    .constdata          twinklepic.o
    0x00004c4d   0x000000bd   Data   RO          205    .constdata          letter.o
    0x00004d0a   0x00001190   Data   RO          219    .constdata          map.o
    0x00005e9a   0x00000140   Data   RO          233    .constdata          minimap.o
    0x00005fda   0x00001900   Data   RO          247    .constdata          staticpic.o
    0x000078da   0x00000046   Data   RO          261    .constdata          number.o
    0x00007920   0x00000100   Data   RO          275    .constdata          bitmap.o
    0x00007a20   0x00000020   Data   RO          577    Region$$Table       anon$$obj.o


    Execution Region RW_IRAM1 (Base: 0x40000040, Size: 0x00002284, Max: 0x00004000, ABSOLUTE, COMPRESSED[0x000000b4])

    Base Addr    Size         Type   Attr      Idx    E Section Name        Object

    0x40000040   0x0000003c   Data   RW           35    .data               os_core.o
    0x4000007c   0x00000002   Data   RW          176    .data               data.o
    0x4000007e   0x00000002   PAD
    0x40000080   0x0000006d   Data   RW          204    .data               letter.o
    0x400000ed   0x00000003   PAD
    0x400000f0   0x00000015   Data   RW          218    .data               map.o
    0x40000105   0x00000003   PAD
    0x40000108   0x00000015   Data   RW          232    .data               minimap.o
    0x4000011d   0x00000003   PAD
    0x40000120   0x00000029   Data   RW          260    .data               number.o
    0x40000149   0x00000003   PAD
    0x4000014c   0x00000011   Data   RW          274    .data               bitmap.o
    0x4000015d   0x00000015   Data   RW          289    .data               graphic.o
    0x40000172   0x0000000a   Data   RW          333    .data               environment.o
    0x4000017c   0x0000001e   Data   RW          348    .data               game_control.o
    0x4000019a   0x00000001   Data   RW          363    .data               key_press.o
    0x4000019b   0x00000001   PAD
    0x4000019c   0x00000005   Data   RW          409    .data               os_cpu_c.o
    0x400001a1   0x00000003   PAD
    0x400001a4   0x00000008   Data   RW          470    .data               rand.o(c_t.l)
    0x400001ac   0x00001194   Zero   RW           37    .bss                os_core.o
    0x40001340   0x00000600   Zero   RW          290    .bss                graphic.o
    0x40001940   0x00000200   Zero   RW          305    .bss                main.o
    0x40001b40   0x0000000c   Zero   RW          334    .bss                environment.o
    0x40001b4c   0x000003bc   Zero   RW          349    .bss                game_control.o
    0x40001f08   0x000000dc   Zero   RW          471    .bss                rand.o(c_t.l)
    0x40001fe4   0x00000060   Zero   RW          547    .bss                libspace.o(c_t.l)
    0x40002044   0x00000100   Zero   RW           67    MyStacks            vectors.o
    0x40002144   0x00000100   Zero   RW           72    Myheap              init.o
    0x40002244   0x00000080   Zero   RW          405    SWIStacks           os_cpu_a.o


================================================================================

Image component sizes


      Code (inc. data)   RO Data    RW Data    ZI Data      Debug   Object Name

         0          0        256         17          0        636   bitmap.o
         0          0         28          2          0       1167   data.o
      1532         52          0         10         12       2807   environment.o
      2664         68          0         30        956       4460   game_control.o
      3072        156          0         21       1536       5747   graphic.o
        28          4          0          0        256        188   init.o
       644         16          0          1          0        989   key_press.o
       800         12          0          0          0       2758   lcd12864.o
       596         16          0          0          0       1753   lcd1602.o
         0          0        189        109          0       1732   letter.o
       156         16          0          0        512        984   main.o
         0          0       4496         21          0        718   map.o
         0          0        320         21          0        773   minimap.o
         0          0         70         41          0        862   number.o
      2508        100        264         60       4500       9566   os_core.o
       276         36          0          0        128        258   os_cpu_a.o
       640          8          0          5          0       9545   os_cpu_c.o
      2404         44          0          0          0       4480   os_task.o
       644         24          0          0          0      14929   os_time.o
         0          0       6400          0          0        832   staticpic.o
       536         36          0          0          0       3590   target.o
         0          0        717          0          0        667   twinklepic.o
       332         68          0          0        256        236   vectors.o

    ------------------------------------------------------------------------
     16864        664      12772        356       8156      69680   Object Totals
        32          8         32          0          0          0   (incl. Generated)
         0          0          0         18          0          3   (incl. Padding)

    ------------------------------------------------------------------------

      Code (inc. data)   RO Data    RW Data    ZI Data      Debug   Library Member Name

        68          2          0          0          0          0   __dczerorl.o
         8          0          0          0          0          0   __main.o
        60          8          0          0          0          0   __scatter.o
        44          0          0          0          0          0   __scatter_zi.o
       412          0          0          0          0          0   aeabi_sdiv.o
        12          0          0          0          0          0   boardinit2.o
        16          0          0          0          0          0   boardinit3.o
        12          0          0          0          0          0   exit.o
        28          0          0          0          0          0   fpinit.o
       104          4          0          0          0          0   kernel.o
       234          4          0          0          0          0   lib_init.o
        12          4          0          0         96          0   libspace.o
         6          0          0          0          0          0   no_argv.o
       128         18          0          8        220          0   rand.o
        16          4          0          0          0          0   rt_fp_status_addr_intlibspace.o
        20          4          0          0          0          0   rt_locale_intlibspace.o
        84          0          0          0          0          0   rt_memclr_w.o
       100          0          0          0          0          0   rt_memcpy_w.o
        16          4          0          0          0          0   rt_stackheap_storage_intlibspace.o
       152          0          0          0          0          0   stkheap1.o
        24          8          0          0          0          0   sys_exit.o
        96          0          0          0          0          0   sys_stackheap_outer.o
         4          0          0          0          0          0   use_no_semi.o

    ------------------------------------------------------------------------
      1660         60          0          8        316          0   Library Totals
         4          0          0          0          0          0   (incl. Padding)

    ------------------------------------------------------------------------

      Code (inc. data)   RO Data    RW Data    ZI Data      Debug   Library Name

      1628         60          0          8        316          0   c_t.l
        28          0          0          0          0          0   fz_ts.l

    ------------------------------------------------------------------------
      1660         60          0          8        316          0   Library Totals

    ------------------------------------------------------------------------

================================================================================


      Code (inc. data)   RO Data    RW Data    ZI Data      Debug   

     18524        724      12772        364       8472      69680   Grand Totals
     18524        724      12772        180       8472      69680   ELF Image Totals (compressed)
     18524        724      12772        180          0          0   ROM Totals

================================================================================

    Total RO  Size (Code + RO Data)                31296 (  30.56kB)
    Total RW  Size (RW Data + ZI Data)              8836 (   8.63kB)
    Total ROM Size (Code + RO Data + RW Data)      31476 (  30.74kB)

================================================================================

