<html>
<body>
<pre>
<h1>µVision3 Build Log</h1>
<h2>Project:</h2>
D:\Group Files\±àÂë\source_v3\MobileGame.uv2
Project File Date:  07/18/2009

<h2>Output:</h2>
Build target 'Mobile Game'
compiling OS_TIME.C...
compiling OS_CORE.C...
compiling OS_TASK.C...
compiling target.c...
compiling Data.c...
compiling TwinklePic.c...
compiling Letter.c...
compiling Map.c...
compiling MiniMap.c...
compiling StaticPic.c...
compiling number.c...
compiling bitmap.c...
compiling Graphic.c...
compiling main.c...
compiling uartprint.c...
compiling environment.c...
compiling game_control.c...
compiling key_press.c...
compiling LCD1602.c...
compiling LCD12864.c...
compiling Os_cpu_c.c...
linking...
Program Size: Code=18524 RO-data=12772 RW-data=364 ZI-data=8472  
FromELF: creating hex file...
".\output\MobileGame.axf" - 0 Error(s), 0 Warning(s).
